// Jest Snapshot v1, https://goo.gl/fbAQLP

exports[`MenuButton renders correctly 1`] = `
<button
  className="sc-bdvvtL irLYvN"
  onClick={[MockFunction]}
>
  menu
</button>
`;
